// Jest Snapshot v1, https://goo.gl/fbAQLP

exports[`Test EditResource matches snapshot 1`] = `null`;
