// Jest Snapshot v1, https://goo.gl/fbAQLP

exports[`Test AboutForm matches snapshot 1`] = `
<div>
  <div
    className="row"
  >
    <div
      className="col-xl-6 col-lg-6 col-md-6 col-sm-12 col-xs-12 form-group"
    >
      <label
        className=""
        htmlFor="FirstName"
      >
        First Name
      </label>
      <input
        autoFocus={false}
        className="form-control"
        id="FirstName"
        name="FirstName"
        placeholder="First Name"
        required={true}
        spellCheck="false"
        type="text"
      />
    </div>
    <div
      className="col-xl-6 col-lg-6 col-md-6 col-sm-12 col-xs-12 form-group"
    >
      <label
        className=""
        htmlFor="LastName"
      >
        Last Name
      </label>
      <input
        className="form-control"
        id="LastName"
        name="LastName"
        placeholder="Last Name"
        required={true}
        spellCheck="false"
        type="text"
      />
    </div>
    <div
      className="col-xl-6 col-lg-6 col-md-6 col-sm-12 col-xs-12 form-group"
    >
      <label
        className=""
        htmlFor="Role"
      >
        Role
      </label>
      <select
        className="form-control"
        id="Role"
        name="Role"
        placeholder="Title/Role"
        required={true}
      >
        <option
          disabled={true}
          hidden={true}
          selected={true}
          value=""
        >
          Please Select
        </option>
        <option>
          Business Analyst
        </option>
        <option>
          Data Analyst
        </option>
        <option>
          DevOps Engineer
        </option>
        <option>
          Jr. Software Developer
        </option>
        <option>
          Manager
        </option>
        <option>
          Software Engineer
        </option>
        <option>
          Solutions Architect
        </option>
        <option>
          Sr. Technical Lead
        </option>
        <option>
          UI/UX Developer
        </option>
      </select>
    </div>
    <div
      className="col-xl-6 col-lg-6 col-md-6 col-sm-12 col-xs-12 form-group"
    >
      <label
        className=""
        htmlFor="Email"
      >
        Email
      </label>
      <input
        className="form-control"
        id="Email"
        name="Email"
        placeholder="Email Address"
        required={true}
        type="email"
      />
    </div>
    <div
      className="col-xl-6 col-lg-6 col-md-6 col-sm-12 col-xs-12 form-group"
    >
      <label
        className=""
        htmlFor="Phone"
      >
        Phone
      </label>
      <input
        className="form-control"
        id="Phone"
        name="Phone"
        pattern="^[0-9]*$"
        placeholder="Phone Number (##########)"
        required={true}
        type="tel"
      />
    </div>
    <div
      className="col-xl-6 col-lg-6 col-md-6 col-sm-12 col-xs-12 form-group"
    >
      <label
        className=""
        htmlFor="LinkedIn"
      >
        LinkedIn
      </label>
      <input
        className="form-control"
        id="LinkedIn"
        name="LinkedIn"
        placeholder="https://www.linkedin.com/in/yourlink (Optional)"
        type="url"
      />
    </div>
    <div
      className="col-xl-6 col-lg-6 col-md-6 col-sm-12 col-xs-12 form-group"
    >
      <label
        className=""
        htmlFor="GitHub"
      >
        GitHub
      </label>
      <input
        className="form-control"
        id="GitHub"
        name="GitHub"
        placeholder="https://www.github.com/youraccount (Optional)"
        type="url"
      />
    </div>
    <div
      className="col-xl-6 col-lg-6 col-md-6 col-sm-12 col-xs-12 form-group"
    >
      <label
        className=""
        htmlFor="PersonalSite"
      >
        Personal Website
      </label>
      <input
        className="form-control"
        id="PersonalSite"
        name="PersonalSite"
        placeholder="https://www.yoursiteurl.com (Optional)"
        type="url"
      />
    </div>
  </div>
  <hr />
</div>
`;
