// Jest Snapshot v1, https://goo.gl/fbAQLP

exports[`matches snapshot 1`] = `
<div
  className="App Site"
>
  <div
    className="Site-content"
  >
    <div
      className="App-header"
    >
      <div>
        <nav
          className="navbar navbar-expand-md navbar-light bg-faded"
        >
          <a
            className="navbar-brand"
          >
            <img
              alt="Company Logo"
              src="generic-logo.svg"
              width="150"
            />
          </a>
          <button
            aria-label="Toggle navigation"
            className="mr-2 navbar-toggler"
            onClick={[Function]}
            type="button"
          >
            <span
              className="navbar-toggler-icon"
            />
          </button>
          <div
            className="collapse navbar-collapse"
            style={Object {}}
          >
            <ul
              className="ml-auto navbar-nav"
            >
              <li
                className="nav-item"
              >
                <a
                  className="nav-link"
                  href="/"
                  onClick={[Function]}
                  style={
                    Object {
                      "color": "inherit",
                    }
                  }
                >
                  Resources
                </a>
              </li>
              <li
                className="nav-item"
              >
                <a
                  className="nav-link"
                  href="/help"
                  id={
                    Object {
                      "current": undefined,
                    }
                  }
                  onClick={[Function]}
                  style={
                    Object {
                      "color": "inherit",
                    }
                  }
                >
                  <i
                    className="fas fa-question-circle fa-lg"
                  />
                  <span
                    className="sr-only"
                  >
                    Help
                  </span>
                </a>
              </li>
              <li
                className="nav-item"
              >
                <a
                  className="nav-link"
                  href="/settings"
                  id={
                    Object {
                      "current": undefined,
                    }
                  }
                  onClick={[Function]}
                  style={
                    Object {
                      "color": "inherit",
                    }
                  }
                >
                  <i
                    className="fas fa-cog fa-lg"
                  />
                  <span
                    className="sr-only"
                  >
                    Settings
                  </span>
                </a>
              </li>
            </ul>
          </div>
        </nav>
      </div>
    </div>
    <div
      className="main"
    >
      <div>
        <div>
          <hr />
          <h1
            className="text-center"
            data-testid="header-name"
          >
            Overview
          </h1>
          <hr />
        </div>
        <div
          className="container"
        >
          <p>
            Lorem ipsum dolor sit amet, consectetur adipiscing elit, sed do eiusmod tempor incididunt ut labore et dolore magna aliqua. Ut enim ad minim veniam, quis nostrud exercitation ullamco laboris nisi ut aliquip ex ea commodo consequat. Duis aute irure dolor in reprehenderit in voluptate velit esse cillum dolore eu fugiat nulla pariatur. Excepteur sint occaecat cupidatat non proident, sunt in culpa qui officia deserunt mollit anim id est laborum.
          </p>
        </div>
      </div>
    </div>
  </div>
  <div>
    <hr />
    <p
      className="text-center"
    >
      Copyright Â© 2019. Generic Logo Company. All Rights Reserved.
    </p>
  </div>
</div>
`;
