// Jest Snapshot v1, https://goo.gl/fbAQLP

exports[`Test Footer matches snapshot 1`] = `
<div>
  <hr />
  <p
    className="text-center"
  >
    Copyright Â© 2019. Generic Logo Company. All Rights Reserved.
  </p>
</div>
`;
