// Jest Snapshot v1, https://goo.gl/fbAQLP

exports[`Test ProjectForm matches snapshot 1`] = `
<div>
  <div
    className="row"
  >
    <div
      className="col-xl-6 col-lg-6 col-md-6 col-sm-12 col-xs-12 form-group"
    >
      <label
        className=""
        htmlFor="ProjName"
      >
        Name
      </label>
      <input
        className="form-control"
        id="ProjName"
        name="ProjName"
        onChange={[Function]}
        placeholder="Project Name"
        required={true}
        type="text"
      />
    </div>
    <div
      className="col-xl-6 col-lg-6 col-md-6 col-sm-12 col-xs-12 form-group"
    >
      <label
        className=""
        htmlFor="ProjDate"
      >
        Year
      </label>
      <input
        className="form-control"
        id="ProjDate"
        max={2020}
        min="1900"
        name="ProjDate"
        onChange={[Function]}
        placeholder="Project Date"
        required={true}
        step="1"
        type="number"
      />
    </div>
    <div
      className="col-xl-6 col-lg-6 col-md-6 col-sm-12 col-xs-12 form-group"
    >
      <label
        className=""
        htmlFor="ProjAssociation"
      >
        Association
      </label>
      <input
        className="form-control"
        id="ProjAssociation"
        name="ProjAssociation"
        onChange={[Function]}
        placeholder="Project Association"
        required={true}
        type="text"
      />
    </div>
    <div
      className="col-xl-6 col-lg-6 col-md-6 col-sm-12 col-xs-12 form-group"
    >
      <label
        className=""
        htmlFor="ProjInfo"
      >
        Details
      </label>
      <textarea
        className="form-control"
        id="ProjInfo"
        name="ProjInfo"
        onChange={[Function]}
        placeholder="Project Details"
      />
    </div>
    <div
      className="col-xl-12 col-lg-12 col-md-12 col-sm-12 col-xs-12 text-right form-group"
    >
      <button
        aria-label={null}
        className="btn btn-danger"
        onClick={[Function]}
        style={
          Object {
            "marginTop": "32px",
          }
        }
        type="button"
      >
        Remove Project
      </button>
    </div>
  </div>
  <hr />
</div>
`;
