// Jest Snapshot v1, https://goo.gl/fbAQLP

exports[`Test Profile matches snapshot 1`] = `null`;
