// Jest Snapshot v1, https://goo.gl/fbAQLP

exports[`Test Help matches snapshot 1`] = `
<div>
  <div>
    <hr />
    <h1
      className="text-center"
      data-testid="header"
    >
      Help
    </h1>
    <hr />
  </div>
  <div
    className="container"
  >
    <div>
      <h2>
        How To:
      </h2>
      <p>
        Coming Soon...
      </p>
      <p>
        Lorem ipsum dolor sit amet, consectetur adipiscing elit, sed do eiusmod tempor incididunt ut labore et dolore magna aliqua. Ut enim ad minim veniam, quis nostrud exercitation ullamco laboris nisi ut aliquip ex ea commodo consequat. Duis aute irure dolor in reprehenderit in voluptate velit esse cillum dolore eu fugiat nulla pariatur. Excepteur sint occaecat cupidatat non proident, sunt in culpa qui officia deserunt mollit anim id est laborum.
      </p>
      <h2>
        Shortcuts:
      </h2>
      <p>
        Navigate to Overview Page:    SHIFT + o
      </p>
      <p>
        Navigate to Resource Page:    SHIFT + r
      </p>
      <p>
        Navigate to Help Page:           SHIFT + h
      </p>
      <p>
        Navigate to Settings Page:     SHIFT + s
      </p>
    </div>
  </div>
</div>
`;
